{
    "bool": {
        "must": [
            {
                "query_string": {
                    "query": "(title.plain:Duc*^20 OR all.plain:Duc*)",
                    "fields": [
                        "all.plain^1",
                        "all^0.5"
                    ],
                    "auto_generate_phrase_queries": true,
                    "phrase_slop": 0,
                    "default_operator": "AND",
                    "allow_leading_wildcard": true,
                    "fuzzy_prefix_length": 2,
                    "rewrite": "top_terms_boost_1024",
                    "max_determined_states": 500
                }
            }
        ],
        "filter": [
            {
                "terms": {
                    "namespace": [
                        0
                    ]
                }
            }
        ]
    }
}