{
    "analyzer": {
        "en_text": {
            "type": "custom",
            "tokenizer": "standard",
            "char_filter": [
                "word_break_helper"
            ],
            "filter": [
                "aggressive_splitting",
                "possessive_english",
                "icu_normalizer",
                "stop",
                "icu_folding",
                "kstem",
                "custom_stem"
            ]
        },
        "en_text_search": {
            "type": "custom",
            "tokenizer": "standard",
            "char_filter": [
                "word_break_helper"
            ],
            "filter": [
                "aggressive_splitting",
                "possessive_english",
                "icu_normalizer",
                "stop",
                "icu_folding",
                "kstem",
                "custom_stem"
            ]
        },
        "en_plain": {
            "type": "custom",
            "tokenizer": "standard",
            "filter": [
                "icu_normalizer",
                "preserve_original_recorder",
                "icu_folding",
                "preserve_original"
            ],
            "char_filter": [
                "word_break_helper"
            ]
        },
        "en_plain_search": {
            "type": "custom",
            "tokenizer": "standard",
            "filter": [
                "icu_normalizer"
            ],
            "char_filter": [
                "word_break_helper"
            ]
        },
        "ru_text": {
            "type": "custom",
            "tokenizer": "standard",
            "char_filter": [
                "russian_charfilter"
            ],
            "filter": [
                "icu_normalizer",
                "russian_stop",
                "russian_stemmer"
            ]
        },
        "ru_text_search": {
            "type": "custom",
            "tokenizer": "standard",
            "char_filter": [
                "russian_charfilter"
            ],
            "filter": [
                "icu_normalizer",
                "russian_stop",
                "russian_stemmer"
            ]
        },
        "ru_plain": {
            "type": "custom",
            "tokenizer": "standard",
            "filter": [
                "icu_normalizer",
                "preserve_original_recorder",
                "ru_icu_folding",
                "preserve_original"
            ],
            "char_filter": [
                "word_break_helper",
                "russian_charfilter"
            ]
        },
        "ru_plain_search": {
            "type": "custom",
            "tokenizer": "standard",
            "filter": [
                "icu_normalizer"
            ],
            "char_filter": [
                "word_break_helper",
                "russian_charfilter"
            ]
        },
        "es_text": {
            "type": "spanish",
            "char_filter": [
                "word_break_helper"
            ]
        },
        "es_text_search": {
            "type": "spanish",
            "char_filter": [
                "word_break_helper"
            ]
        },
        "es_plain": {
            "type": "custom",
            "tokenizer": "standard",
            "filter": [
                "icu_normalizer",
                "preserve_original_recorder",
                "icu_folding",
                "preserve_original"
            ],
            "char_filter": [
                "word_break_helper"
            ]
        },
        "es_plain_search": {
            "type": "custom",
            "tokenizer": "standard",
            "filter": [
                "icu_normalizer"
            ],
            "char_filter": [
                "word_break_helper"
            ]
        },
        "de_text": {
            "type": "german",
            "char_filter": [
                "word_break_helper"
            ]
        },
        "de_text_search": {
            "type": "german",
            "char_filter": [
                "word_break_helper"
            ]
        },
        "de_plain": {
            "type": "custom",
            "tokenizer": "standard",
            "filter": [
                "icu_normalizer",
                "preserve_original_recorder",
                "icu_folding",
                "preserve_original"
            ],
            "char_filter": [
                "word_break_helper"
            ]
        },
        "de_plain_search": {
            "type": "custom",
            "tokenizer": "standard",
            "filter": [
                "icu_normalizer"
            ],
            "char_filter": [
                "word_break_helper"
            ]
        },
        "zh_text": {
            "type": "custom",
            "tokenizer": "smartcn_tokenizer",
            "char_filter": [
                "stconvertfix",
                "tsconvert"
            ],
            "filter": [
                "smartcn_stop",
                "icu_normalizer"
            ]
        },
        "zh_text_search": {
            "type": "custom",
            "tokenizer": "smartcn_tokenizer",
            "char_filter": [
                "stconvertfix",
                "tsconvert"
            ],
            "filter": [
                "smartcn_stop",
                "icu_normalizer"
            ]
        },
        "zh_plain": {
            "type": "custom",
            "tokenizer": "standard",
            "filter": [
                "smartcn_stop",
                "icu_normalizer",
                "preserve_original_recorder",
                "icu_folding",
                "preserve_original"
            ],
            "char_filter": [
                "word_break_helper"
            ]
        },
        "zh_plain_search": {
            "type": "custom",
            "tokenizer": "standard",
            "filter": [
                "smartcn_stop",
                "icu_normalizer"
            ],
            "char_filter": [
                "word_break_helper"
            ]
        }
    },
    "filter": {
        "aggressive_splitting": {
            "type": "word_delimiter",
            "stem_english_possessive": false,
            "preserve_original": false
        },
        "possessive_english": {
            "type": "stemmer",
            "language": "possessive_english"
        },
        "icu_normalizer": {
            "type": "icu_normalizer",
            "name": "nfkc_cf"
        },
        "icu_folding": {
            "type": "icu_folding"
        },
        "custom_stem": {
            "type": "stemmer_override",
            "rules": "guidelines => guideline"
        },
        "russian_stop": {
            "type": "stop",
            "stopwords": "_russian_"
        },
        "russian_stemmer": {
            "type": "stemmer",
            "language": "russian"
        },
        "ru_icu_folding": {
            "type": "icu_folding",
            "unicodeSetFilter": "[^\u0439\u0419]"
        },
        "smartcn_stop": {
            "type": "stop",
            "stopwords": [
                ","
            ]
        }
    },
    "char_filter": {
        "word_break_helper": {
            "type": "mapping",
            "mappings": [
                "_=>\\u0020",
                ".=>\\u0020",
                "(=>\\u0020",
                ")=>\\u0020"
            ]
        },
        "russian_charfilter": {
            "type": "mapping",
            "mappings": [
                "\\u0301=>",
                "\\u0130=>I",
                "\\u0435\\u0308=>\\u0435",
                "\\u0415\\u0308=>\\u0415",
                "\\u0451=>\\u0435",
                "\\u0401=>\\u0415"
            ]
        },
        "stconvertfix": {
            "type": "mapping",
            "mappings": [
                "\\u606d\\u5f18=>\\u606d \\u5f18",
                "\\u5138=>\\u3469"
            ]
        },
        "tsconvert": {
            "type": "stconvert",
            "delimiter": "#",
            "keep_both": false,
            "convert_type": "t2s"
        }
    }
}