{
    "description": "wikibase_prefix search for 'Wien'",
    "params": {
        "timeout": "20s"
    },
    "query": {
        "query": {
            "bool": {
                "should": [
                    {
                        "bool": {
                            "filter": [
                                {
                                    "match": {
                                        "labels_all.prefix": "Wien"
                                    }
                                }
                            ],
                            "should": [
                                {
                                    "multi_match": {
                                        "type": "best_fields",
                                        "tie_breaker": 0,
                                        "query": "Wien",
                                        "fields": [
                                            "labels.de-ch.near_match^40",
                                            "labels.de-ch.near_match_folded^30",
                                            "labels.de-ch.prefix^15",
                                            "labels_all.near_match^1",
                                            "labels.de.near_match^25",
                                            "labels.de.near_match_folded^20",
                                            "labels.de.prefix^10",
                                            "labels.en.near_match^22.5",
                                            "labels.en.near_match_folded^18",
                                            "labels.en.prefix^9"
                                        ]
                                    }
                                }
                            ]
                        }
                    },
                    {
                        "term": {
                            "title.keyword": "Wien"
                        }
                    }
                ],
                "minimum_should_match": 1,
                "filter": [
                    {
                        "term": {
                            "content_model": "wikibase-item"
                        }
                    }
                ]
            }
        },
        "_source": [
            "namespace",
            "title",
            "labels.en",
            "descriptions.en"
        ],
        "stored_fields": [],
        "highlight": {
            "pre_tags": [
                ""
            ],
            "post_tags": [
                ""
            ],
            "fields": {
                "title": {
                    "type": "experimental",
                    "fragmenter": "none",
                    "number_of_fragments": 0,
                    "matched_fields": [
                        "title.keyword"
                    ]
                },
                "labels.de-ch.prefix": {
                    "type": "experimental",
                    "fragmenter": "none",
                    "number_of_fragments": 0,
                    "options": {
                        "skip_if_last_matched": true
                    }
                },
                "labels.de.prefix": {
                    "type": "experimental",
                    "fragmenter": "none",
                    "number_of_fragments": 0,
                    "options": {
                        "skip_if_last_matched": true
                    }
                },
                "labels.en.prefix": {
                    "type": "experimental",
                    "fragmenter": "none",
                    "number_of_fragments": 0,
                    "options": {
                        "skip_if_last_matched": true
                    }
                },
                "labels_all.prefix": {
                    "type": "experimental",
                    "fragmenter": "none",
                    "number_of_fragments": 0,
                    "options": {
                        "skip_if_last_matched": true
                    }
                }
            }
        },
        "rescore": [
            {
                "window_size": 8192,
                "query": {
                    "query_weight": 1,
                    "rescore_query_weight": 1,
                    "score_mode": "multiply",
                    "rescore_query": {
                        "function_score": {
                            "score_mode": "max",
                            "functions": [
                                {
                                    "field_value_factor": {
                                        "field": "label_count",
                                        "missing": 0
                                    },
                                    "weight": 1
                                },
                                {
                                    "field_value_factor": {
                                        "field": "sitelink_count",
                                        "missing": 0
                                    },
                                    "weight": 1
                                }
                            ]
                        }
                    }
                }
            }
        ]
    },
    "options": {
        "timeout": "20s"
    }
}